------------------------------------------------------------
Timing Analyzer Summary
------------------------------------------------------------

Type  : Slow 1100mV 85C Model Setup 'clk_vga'
Slack : -18.796
TNS   : -124.624

Type  : Slow 1100mV 85C Model Setup 'iPLL|pll_inst|altera_pll_i|general[0].gpll~PLL_OUTPUT_COUNTER|divclk'
Slack : -1.767
TNS   : -23.031

Type  : Slow 1100mV 85C Model Setup 'CLOCK_50'
Slack : 8.944
TNS   : 0.000

Type  : Slow 1100mV 85C Model Setup 'iPLL|pll_inst|altera_pll_i|general[1].gpll~PLL_OUTPUT_COUNTER|divclk'
Slack : 31.868
TNS   : 0.000

Type  : Slow 1100mV 85C Model Hold 'iPLL|pll_inst|altera_pll_i|general[0].gpll~PLL_OUTPUT_COUNTER|divclk'
Slack : 0.221
TNS   : 0.000

Type  : Slow 1100mV 85C Model Hold 'iPLL|pll_inst|altera_pll_i|general[1].gpll~PLL_OUTPUT_COUNTER|divclk'
Slack : 0.360
TNS   : 0.000

Type  : Slow 1100mV 85C Model Hold 'CLOCK_50'
Slack : 6.643
TNS   : 0.000

Type  : Slow 1100mV 85C Model Hold 'clk_vga'
Slack : 8.905
TNS   : 0.000

Type  : Slow 1100mV 85C Model Recovery 'iPLL|pll_inst|altera_pll_i|general[1].gpll~PLL_OUTPUT_COUNTER|divclk'
Slack : 3.642
TNS   : 0.000

Type  : Slow 1100mV 85C Model Recovery 'iPLL|pll_inst|altera_pll_i|general[0].gpll~PLL_OUTPUT_COUNTER|divclk'
Slack : 4.559
TNS   : 0.000

Type  : Slow 1100mV 85C Model Removal 'iPLL|pll_inst|altera_pll_i|general[0].gpll~PLL_OUTPUT_COUNTER|divclk'
Slack : 1.689
TNS   : 0.000

Type  : Slow 1100mV 85C Model Removal 'iPLL|pll_inst|altera_pll_i|general[1].gpll~PLL_OUTPUT_COUNTER|divclk'
Slack : 10.921
TNS   : 0.000

Type  : Slow 1100mV 85C Model Minimum Pulse Width 'iPLL|pll_inst|altera_pll_i|general[0].gpll~FRACTIONAL_PLL|vcoph[0]'
Slack : 1.666
TNS   : 0.000

Type  : Slow 1100mV 85C Model Minimum Pulse Width 'iPLL|pll_inst|altera_pll_i|general[0].gpll~PLL_OUTPUT_COUNTER|divclk'
Slack : 8.752
TNS   : 0.000

Type  : Slow 1100mV 85C Model Minimum Pulse Width 'CLOCK_50'
Slack : 9.360
TNS   : 0.000

Type  : Slow 1100mV 85C Model Minimum Pulse Width 'iPLL|pll_inst|altera_pll_i|general[1].gpll~PLL_OUTPUT_COUNTER|divclk'
Slack : 19.280
TNS   : 0.000

Type  : Slow 1100mV 0C Model Setup 'clk_vga'
Slack : -18.422
TNS   : -121.954

Type  : Slow 1100mV 0C Model Setup 'iPLL|pll_inst|altera_pll_i|general[0].gpll~PLL_OUTPUT_COUNTER|divclk'
Slack : -1.837
TNS   : -22.784

Type  : Slow 1100mV 0C Model Setup 'CLOCK_50'
Slack : 9.357
TNS   : 0.000

Type  : Slow 1100mV 0C Model Setup 'iPLL|pll_inst|altera_pll_i|general[1].gpll~PLL_OUTPUT_COUNTER|divclk'
Slack : 32.058
TNS   : 0.000

Type  : Slow 1100mV 0C Model Hold 'iPLL|pll_inst|altera_pll_i|general[0].gpll~PLL_OUTPUT_COUNTER|divclk'
Slack : 0.283
TNS   : 0.000

Type  : Slow 1100mV 0C Model Hold 'iPLL|pll_inst|altera_pll_i|general[1].gpll~PLL_OUTPUT_COUNTER|divclk'
Slack : 0.364
TNS   : 0.000

Type  : Slow 1100mV 0C Model Hold 'CLOCK_50'
Slack : 6.433
TNS   : 0.000

Type  : Slow 1100mV 0C Model Hold 'clk_vga'
Slack : 8.670
TNS   : 0.000

Type  : Slow 1100mV 0C Model Recovery 'iPLL|pll_inst|altera_pll_i|general[1].gpll~PLL_OUTPUT_COUNTER|divclk'
Slack : 4.016
TNS   : 0.000

Type  : Slow 1100mV 0C Model Recovery 'iPLL|pll_inst|altera_pll_i|general[0].gpll~PLL_OUTPUT_COUNTER|divclk'
Slack : 4.849
TNS   : 0.000

Type  : Slow 1100mV 0C Model Removal 'iPLL|pll_inst|altera_pll_i|general[0].gpll~PLL_OUTPUT_COUNTER|divclk'
Slack : 1.639
TNS   : 0.000

Type  : Slow 1100mV 0C Model Removal 'iPLL|pll_inst|altera_pll_i|general[1].gpll~PLL_OUTPUT_COUNTER|divclk'
Slack : 10.882
TNS   : 0.000

Type  : Slow 1100mV 0C Model Minimum Pulse Width 'iPLL|pll_inst|altera_pll_i|general[0].gpll~FRACTIONAL_PLL|vcoph[0]'
Slack : 1.666
TNS   : 0.000

Type  : Slow 1100mV 0C Model Minimum Pulse Width 'iPLL|pll_inst|altera_pll_i|general[0].gpll~PLL_OUTPUT_COUNTER|divclk'
Slack : 8.731
TNS   : 0.000

Type  : Slow 1100mV 0C Model Minimum Pulse Width 'CLOCK_50'
Slack : 9.371
TNS   : 0.000

Type  : Slow 1100mV 0C Model Minimum Pulse Width 'iPLL|pll_inst|altera_pll_i|general[1].gpll~PLL_OUTPUT_COUNTER|divclk'
Slack : 19.232
TNS   : 0.000

Type  : Fast 1100mV 85C Model Setup 'clk_vga'
Slack : -11.561
TNS   : -75.386

Type  : Fast 1100mV 85C Model Setup 'iPLL|pll_inst|altera_pll_i|general[0].gpll~PLL_OUTPUT_COUNTER|divclk'
Slack : 2.988
TNS   : 0.000

Type  : Fast 1100mV 85C Model Setup 'CLOCK_50'
Slack : 13.217
TNS   : 0.000

Type  : Fast 1100mV 85C Model Setup 'iPLL|pll_inst|altera_pll_i|general[1].gpll~PLL_OUTPUT_COUNTER|divclk'
Slack : 34.671
TNS   : 0.000

Type  : Fast 1100mV 85C Model Hold 'iPLL|pll_inst|altera_pll_i|general[0].gpll~PLL_OUTPUT_COUNTER|divclk'
Slack : 0.140
TNS   : 0.000

Type  : Fast 1100mV 85C Model Hold 'iPLL|pll_inst|altera_pll_i|general[1].gpll~PLL_OUTPUT_COUNTER|divclk'
Slack : 0.181
TNS   : 0.000

Type  : Fast 1100mV 85C Model Hold 'CLOCK_50'
Slack : 3.726
TNS   : 0.000

Type  : Fast 1100mV 85C Model Hold 'clk_vga'
Slack : 4.727
TNS   : 0.000

Type  : Fast 1100mV 85C Model Recovery 'iPLL|pll_inst|altera_pll_i|general[1].gpll~PLL_OUTPUT_COUNTER|divclk'
Slack : 5.611
TNS   : 0.000

Type  : Fast 1100mV 85C Model Recovery 'iPLL|pll_inst|altera_pll_i|general[0].gpll~PLL_OUTPUT_COUNTER|divclk'
Slack : 6.205
TNS   : 0.000

Type  : Fast 1100mV 85C Model Removal 'iPLL|pll_inst|altera_pll_i|general[0].gpll~PLL_OUTPUT_COUNTER|divclk'
Slack : 1.163
TNS   : 0.000

Type  : Fast 1100mV 85C Model Removal 'iPLL|pll_inst|altera_pll_i|general[1].gpll~PLL_OUTPUT_COUNTER|divclk'
Slack : 10.715
TNS   : 0.000

Type  : Fast 1100mV 85C Model Minimum Pulse Width 'iPLL|pll_inst|altera_pll_i|general[0].gpll~FRACTIONAL_PLL|vcoph[0]'
Slack : 1.666
TNS   : 0.000

Type  : Fast 1100mV 85C Model Minimum Pulse Width 'iPLL|pll_inst|altera_pll_i|general[0].gpll~PLL_OUTPUT_COUNTER|divclk'
Slack : 8.877
TNS   : 0.000

Type  : Fast 1100mV 85C Model Minimum Pulse Width 'CLOCK_50'
Slack : 9.131
TNS   : 0.000

Type  : Fast 1100mV 85C Model Minimum Pulse Width 'iPLL|pll_inst|altera_pll_i|general[1].gpll~PLL_OUTPUT_COUNTER|divclk'
Slack : 19.541
TNS   : 0.000

Type  : Fast 1100mV 0C Model Setup 'clk_vga'
Slack : -10.739
TNS   : -70.560

Type  : Fast 1100mV 0C Model Setup 'iPLL|pll_inst|altera_pll_i|general[0].gpll~PLL_OUTPUT_COUNTER|divclk'
Slack : 3.493
TNS   : 0.000

Type  : Fast 1100mV 0C Model Setup 'CLOCK_50'
Slack : 13.966
TNS   : 0.000

Type  : Fast 1100mV 0C Model Setup 'iPLL|pll_inst|altera_pll_i|general[1].gpll~PLL_OUTPUT_COUNTER|divclk'
Slack : 35.264
TNS   : 0.000

Type  : Fast 1100mV 0C Model Hold 'iPLL|pll_inst|altera_pll_i|general[0].gpll~PLL_OUTPUT_COUNTER|divclk'
Slack : 0.145
TNS   : 0.000

Type  : Fast 1100mV 0C Model Hold 'iPLL|pll_inst|altera_pll_i|general[1].gpll~PLL_OUTPUT_COUNTER|divclk'
Slack : 0.172
TNS   : 0.000

Type  : Fast 1100mV 0C Model Hold 'CLOCK_50'
Slack : 3.327
TNS   : 0.000

Type  : Fast 1100mV 0C Model Hold 'clk_vga'
Slack : 4.372
TNS   : 0.000

Type  : Fast 1100mV 0C Model Recovery 'iPLL|pll_inst|altera_pll_i|general[1].gpll~PLL_OUTPUT_COUNTER|divclk'
Slack : 6.188
TNS   : 0.000

Type  : Fast 1100mV 0C Model Recovery 'iPLL|pll_inst|altera_pll_i|general[0].gpll~PLL_OUTPUT_COUNTER|divclk'
Slack : 6.706
TNS   : 0.000

Type  : Fast 1100mV 0C Model Removal 'iPLL|pll_inst|altera_pll_i|general[0].gpll~PLL_OUTPUT_COUNTER|divclk'
Slack : 1.044
TNS   : 0.000

Type  : Fast 1100mV 0C Model Removal 'iPLL|pll_inst|altera_pll_i|general[1].gpll~PLL_OUTPUT_COUNTER|divclk'
Slack : 10.611
TNS   : 0.000

Type  : Fast 1100mV 0C Model Minimum Pulse Width 'iPLL|pll_inst|altera_pll_i|general[0].gpll~FRACTIONAL_PLL|vcoph[0]'
Slack : 1.666
TNS   : 0.000

Type  : Fast 1100mV 0C Model Minimum Pulse Width 'iPLL|pll_inst|altera_pll_i|general[0].gpll~PLL_OUTPUT_COUNTER|divclk'
Slack : 8.879
TNS   : 0.000

Type  : Fast 1100mV 0C Model Minimum Pulse Width 'CLOCK_50'
Slack : 9.081
TNS   : 0.000

Type  : Fast 1100mV 0C Model Minimum Pulse Width 'iPLL|pll_inst|altera_pll_i|general[1].gpll~PLL_OUTPUT_COUNTER|divclk'
Slack : 19.534
TNS   : 0.000

------------------------------------------------------------
