------------------------------------------------------------
Timing Analyzer Summary
------------------------------------------------------------

Type  : Slow 1100mV 85C Model Setup 'clk_vga'
Slack : -19.592
TNS   : -182.952

Type  : Slow 1100mV 85C Model Setup 'CE1|iPLL|pll_inst|altera_pll_i|general[0].gpll~PLL_OUTPUT_COUNTER|divclk'
Slack : 1.148
TNS   : 0.000

Type  : Slow 1100mV 85C Model Setup 'CE1|iPLL|pll_inst|altera_pll_i|general[1].gpll~PLL_OUTPUT_COUNTER|divclk'
Slack : 33.690
TNS   : 0.000

Type  : Slow 1100mV 85C Model Hold 'CE1|iPLL|pll_inst|altera_pll_i|general[0].gpll~PLL_OUTPUT_COUNTER|divclk'
Slack : 0.289
TNS   : 0.000

Type  : Slow 1100mV 85C Model Hold 'CE1|iPLL|pll_inst|altera_pll_i|general[1].gpll~PLL_OUTPUT_COUNTER|divclk'
Slack : 0.373
TNS   : 0.000

Type  : Slow 1100mV 85C Model Hold 'clk_vga'
Slack : 8.505
TNS   : 0.000

Type  : Slow 1100mV 85C Model Recovery 'CE1|iPLL|pll_inst|altera_pll_i|general[0].gpll~PLL_OUTPUT_COUNTER|divclk'
Slack : 3.964
TNS   : 0.000

Type  : Slow 1100mV 85C Model Recovery 'CE1|iPLL|pll_inst|altera_pll_i|general[1].gpll~PLL_OUTPUT_COUNTER|divclk'
Slack : 4.717
TNS   : 0.000

Type  : Slow 1100mV 85C Model Removal 'CE1|iPLL|pll_inst|altera_pll_i|general[0].gpll~PLL_OUTPUT_COUNTER|divclk'
Slack : 10.678
TNS   : 0.000

Type  : Slow 1100mV 85C Model Removal 'CE1|iPLL|pll_inst|altera_pll_i|general[1].gpll~PLL_OUTPUT_COUNTER|divclk'
Slack : 11.769
TNS   : 0.000

Type  : Slow 1100mV 85C Model Minimum Pulse Width 'CE1|iPLL|pll_inst|altera_pll_i|general[0].gpll~FRACTIONAL_PLL|vcoph[0]'
Slack : 1.666
TNS   : 0.000

Type  : Slow 1100mV 85C Model Minimum Pulse Width 'CE1|iPLL|pll_inst|altera_pll_i|general[0].gpll~PLL_OUTPUT_COUNTER|divclk'
Slack : 8.754
TNS   : 0.000

Type  : Slow 1100mV 85C Model Minimum Pulse Width 'CLOCK_50'
Slack : 9.670
TNS   : 0.000

Type  : Slow 1100mV 85C Model Minimum Pulse Width 'CE1|iPLL|pll_inst|altera_pll_i|general[1].gpll~PLL_OUTPUT_COUNTER|divclk'
Slack : 19.276
TNS   : 0.000

Type  : Slow 1100mV 0C Model Setup 'clk_vga'
Slack : -19.139
TNS   : -178.708

Type  : Slow 1100mV 0C Model Setup 'CE1|iPLL|pll_inst|altera_pll_i|general[0].gpll~PLL_OUTPUT_COUNTER|divclk'
Slack : 1.419
TNS   : 0.000

Type  : Slow 1100mV 0C Model Setup 'CE1|iPLL|pll_inst|altera_pll_i|general[1].gpll~PLL_OUTPUT_COUNTER|divclk'
Slack : 33.857
TNS   : 0.000

Type  : Slow 1100mV 0C Model Hold 'CE1|iPLL|pll_inst|altera_pll_i|general[0].gpll~PLL_OUTPUT_COUNTER|divclk'
Slack : 0.260
TNS   : 0.000

Type  : Slow 1100mV 0C Model Hold 'CE1|iPLL|pll_inst|altera_pll_i|general[1].gpll~PLL_OUTPUT_COUNTER|divclk'
Slack : 0.375
TNS   : 0.000

Type  : Slow 1100mV 0C Model Hold 'clk_vga'
Slack : 8.286
TNS   : 0.000

Type  : Slow 1100mV 0C Model Recovery 'CE1|iPLL|pll_inst|altera_pll_i|general[0].gpll~PLL_OUTPUT_COUNTER|divclk'
Slack : 4.351
TNS   : 0.000

Type  : Slow 1100mV 0C Model Recovery 'CE1|iPLL|pll_inst|altera_pll_i|general[1].gpll~PLL_OUTPUT_COUNTER|divclk'
Slack : 5.088
TNS   : 0.000

Type  : Slow 1100mV 0C Model Removal 'CE1|iPLL|pll_inst|altera_pll_i|general[0].gpll~PLL_OUTPUT_COUNTER|divclk'
Slack : 10.565
TNS   : 0.000

Type  : Slow 1100mV 0C Model Removal 'CE1|iPLL|pll_inst|altera_pll_i|general[1].gpll~PLL_OUTPUT_COUNTER|divclk'
Slack : 11.631
TNS   : 0.000

Type  : Slow 1100mV 0C Model Minimum Pulse Width 'CE1|iPLL|pll_inst|altera_pll_i|general[0].gpll~FRACTIONAL_PLL|vcoph[0]'
Slack : 1.666
TNS   : 0.000

Type  : Slow 1100mV 0C Model Minimum Pulse Width 'CE1|iPLL|pll_inst|altera_pll_i|general[0].gpll~PLL_OUTPUT_COUNTER|divclk'
Slack : 8.732
TNS   : 0.000

Type  : Slow 1100mV 0C Model Minimum Pulse Width 'CLOCK_50'
Slack : 9.673
TNS   : 0.000

Type  : Slow 1100mV 0C Model Minimum Pulse Width 'CE1|iPLL|pll_inst|altera_pll_i|general[1].gpll~PLL_OUTPUT_COUNTER|divclk'
Slack : 19.231
TNS   : 0.000

Type  : Fast 1100mV 85C Model Setup 'clk_vga'
Slack : -11.983
TNS   : -111.168

Type  : Fast 1100mV 85C Model Setup 'CE1|iPLL|pll_inst|altera_pll_i|general[0].gpll~PLL_OUTPUT_COUNTER|divclk'
Slack : 4.225
TNS   : 0.000

Type  : Fast 1100mV 85C Model Setup 'CE1|iPLL|pll_inst|altera_pll_i|general[1].gpll~PLL_OUTPUT_COUNTER|divclk'
Slack : 36.044
TNS   : 0.000

Type  : Fast 1100mV 85C Model Hold 'CE1|iPLL|pll_inst|altera_pll_i|general[0].gpll~PLL_OUTPUT_COUNTER|divclk'
Slack : 0.181
TNS   : 0.000

Type  : Fast 1100mV 85C Model Hold 'CE1|iPLL|pll_inst|altera_pll_i|general[1].gpll~PLL_OUTPUT_COUNTER|divclk'
Slack : 0.181
TNS   : 0.000

Type  : Fast 1100mV 85C Model Hold 'clk_vga'
Slack : 4.478
TNS   : 0.000

Type  : Fast 1100mV 85C Model Recovery 'CE1|iPLL|pll_inst|altera_pll_i|general[0].gpll~PLL_OUTPUT_COUNTER|divclk'
Slack : 5.802
TNS   : 0.000

Type  : Fast 1100mV 85C Model Recovery 'CE1|iPLL|pll_inst|altera_pll_i|general[1].gpll~PLL_OUTPUT_COUNTER|divclk'
Slack : 6.584
TNS   : 0.000

Type  : Fast 1100mV 85C Model Removal 'CE1|iPLL|pll_inst|altera_pll_i|general[0].gpll~PLL_OUTPUT_COUNTER|divclk'
Slack : 10.336
TNS   : 0.000

Type  : Fast 1100mV 85C Model Removal 'CE1|iPLL|pll_inst|altera_pll_i|general[1].gpll~PLL_OUTPUT_COUNTER|divclk'
Slack : 11.110
TNS   : 0.000

Type  : Fast 1100mV 85C Model Minimum Pulse Width 'CE1|iPLL|pll_inst|altera_pll_i|general[0].gpll~FRACTIONAL_PLL|vcoph[0]'
Slack : 1.666
TNS   : 0.000

Type  : Fast 1100mV 85C Model Minimum Pulse Width 'CE1|iPLL|pll_inst|altera_pll_i|general[0].gpll~PLL_OUTPUT_COUNTER|divclk'
Slack : 8.877
TNS   : 0.000

Type  : Fast 1100mV 85C Model Minimum Pulse Width 'CLOCK_50'
Slack : 9.336
TNS   : 0.000

Type  : Fast 1100mV 85C Model Minimum Pulse Width 'CE1|iPLL|pll_inst|altera_pll_i|general[1].gpll~PLL_OUTPUT_COUNTER|divclk'
Slack : 19.539
TNS   : 0.000

Type  : Fast 1100mV 0C Model Setup 'clk_vga'
Slack : -11.124
TNS   : -103.705

Type  : Fast 1100mV 0C Model Setup 'CE1|iPLL|pll_inst|altera_pll_i|general[0].gpll~PLL_OUTPUT_COUNTER|divclk'
Slack : 4.906
TNS   : 0.000

Type  : Fast 1100mV 0C Model Setup 'CE1|iPLL|pll_inst|altera_pll_i|general[1].gpll~PLL_OUTPUT_COUNTER|divclk'
Slack : 36.460
TNS   : 0.000

Type  : Fast 1100mV 0C Model Hold 'CE1|iPLL|pll_inst|altera_pll_i|general[0].gpll~PLL_OUTPUT_COUNTER|divclk'
Slack : 0.149
TNS   : 0.000

Type  : Fast 1100mV 0C Model Hold 'CE1|iPLL|pll_inst|altera_pll_i|general[1].gpll~PLL_OUTPUT_COUNTER|divclk'
Slack : 0.170
TNS   : 0.000

Type  : Fast 1100mV 0C Model Hold 'clk_vga'
Slack : 4.124
TNS   : 0.000

Type  : Fast 1100mV 0C Model Recovery 'CE1|iPLL|pll_inst|altera_pll_i|general[0].gpll~PLL_OUTPUT_COUNTER|divclk'
Slack : 6.355
TNS   : 0.000

Type  : Fast 1100mV 0C Model Recovery 'CE1|iPLL|pll_inst|altera_pll_i|general[1].gpll~PLL_OUTPUT_COUNTER|divclk'
Slack : 6.984
TNS   : 0.000

Type  : Fast 1100mV 0C Model Removal 'CE1|iPLL|pll_inst|altera_pll_i|general[0].gpll~PLL_OUTPUT_COUNTER|divclk'
Slack : 10.301
TNS   : 0.000

Type  : Fast 1100mV 0C Model Removal 'CE1|iPLL|pll_inst|altera_pll_i|general[1].gpll~PLL_OUTPUT_COUNTER|divclk'
Slack : 10.997
TNS   : 0.000

Type  : Fast 1100mV 0C Model Minimum Pulse Width 'CE1|iPLL|pll_inst|altera_pll_i|general[0].gpll~FRACTIONAL_PLL|vcoph[0]'
Slack : 1.666
TNS   : 0.000

Type  : Fast 1100mV 0C Model Minimum Pulse Width 'CE1|iPLL|pll_inst|altera_pll_i|general[0].gpll~PLL_OUTPUT_COUNTER|divclk'
Slack : 8.878
TNS   : 0.000

Type  : Fast 1100mV 0C Model Minimum Pulse Width 'CLOCK_50'
Slack : 9.286
TNS   : 0.000

Type  : Fast 1100mV 0C Model Minimum Pulse Width 'CE1|iPLL|pll_inst|altera_pll_i|general[1].gpll~PLL_OUTPUT_COUNTER|divclk'
Slack : 19.531
TNS   : 0.000

------------------------------------------------------------
