------------------------------------------------------------
Timing Analyzer Summary
------------------------------------------------------------

Type  : Slow 1100mV 85C Model Setup 'clk_vga'
Slack : -19.305
TNS   : -182.631

Type  : Slow 1100mV 85C Model Setup 'CE1|iPLL|pll_inst|altera_pll_i|general[0].gpll~PLL_OUTPUT_COUNTER|divclk'
Slack : 16.338
TNS   : 0.000

Type  : Slow 1100mV 85C Model Setup 'CE1|iPLL|pll_inst|altera_pll_i|general[1].gpll~PLL_OUTPUT_COUNTER|divclk'
Slack : 73.403
TNS   : 0.000

Type  : Slow 1100mV 85C Model Hold 'CE1|iPLL|pll_inst|altera_pll_i|general[0].gpll~PLL_OUTPUT_COUNTER|divclk'
Slack : 0.329
TNS   : 0.000

Type  : Slow 1100mV 85C Model Hold 'CE1|iPLL|pll_inst|altera_pll_i|general[1].gpll~PLL_OUTPUT_COUNTER|divclk'
Slack : 0.364
TNS   : 0.000

Type  : Slow 1100mV 85C Model Hold 'clk_vga'
Slack : 8.485
TNS   : 0.000

Type  : Slow 1100mV 85C Model Recovery 'CE1|iPLL|pll_inst|altera_pll_i|general[1].gpll~PLL_OUTPUT_COUNTER|divclk'
Slack : 14.315
TNS   : 0.000

Type  : Slow 1100mV 85C Model Recovery 'CE1|iPLL|pll_inst|altera_pll_i|general[0].gpll~PLL_OUTPUT_COUNTER|divclk'
Slack : 15.005
TNS   : 0.000

Type  : Slow 1100mV 85C Model Removal 'CE1|iPLL|pll_inst|altera_pll_i|general[0].gpll~PLL_OUTPUT_COUNTER|divclk'
Slack : 21.247
TNS   : 0.000

Type  : Slow 1100mV 85C Model Removal 'CE1|iPLL|pll_inst|altera_pll_i|general[1].gpll~PLL_OUTPUT_COUNTER|divclk'
Slack : 22.175
TNS   : 0.000

Type  : Slow 1100mV 85C Model Minimum Pulse Width 'CE1|iPLL|pll_inst|altera_pll_i|general[0].gpll~FRACTIONAL_PLL|vcoph[0]'
Slack : 3.333
TNS   : 0.000

Type  : Slow 1100mV 85C Model Minimum Pulse Width 'CLOCK_50'
Slack : 9.670
TNS   : 0.000

Type  : Slow 1100mV 85C Model Minimum Pulse Width 'CE1|iPLL|pll_inst|altera_pll_i|general[0].gpll~PLL_OUTPUT_COUNTER|divclk'
Slack : 18.755
TNS   : 0.000

Type  : Slow 1100mV 85C Model Minimum Pulse Width 'CE1|iPLL|pll_inst|altera_pll_i|general[1].gpll~PLL_OUTPUT_COUNTER|divclk'
Slack : 39.280
TNS   : 0.000

Type  : Slow 1100mV 0C Model Setup 'clk_vga'
Slack : -18.893
TNS   : -178.325

Type  : Slow 1100mV 0C Model Setup 'CE1|iPLL|pll_inst|altera_pll_i|general[0].gpll~PLL_OUTPUT_COUNTER|divclk'
Slack : 16.262
TNS   : 0.000

Type  : Slow 1100mV 0C Model Setup 'CE1|iPLL|pll_inst|altera_pll_i|general[1].gpll~PLL_OUTPUT_COUNTER|divclk'
Slack : 73.582
TNS   : 0.000

Type  : Slow 1100mV 0C Model Hold 'CE1|iPLL|pll_inst|altera_pll_i|general[0].gpll~PLL_OUTPUT_COUNTER|divclk'
Slack : 0.234
TNS   : 0.000

Type  : Slow 1100mV 0C Model Hold 'CE1|iPLL|pll_inst|altera_pll_i|general[1].gpll~PLL_OUTPUT_COUNTER|divclk'
Slack : 0.369
TNS   : 0.000

Type  : Slow 1100mV 0C Model Hold 'clk_vga'
Slack : 8.268
TNS   : 0.000

Type  : Slow 1100mV 0C Model Recovery 'CE1|iPLL|pll_inst|altera_pll_i|general[1].gpll~PLL_OUTPUT_COUNTER|divclk'
Slack : 14.694
TNS   : 0.000

Type  : Slow 1100mV 0C Model Recovery 'CE1|iPLL|pll_inst|altera_pll_i|general[0].gpll~PLL_OUTPUT_COUNTER|divclk'
Slack : 15.302
TNS   : 0.000

Type  : Slow 1100mV 0C Model Removal 'CE1|iPLL|pll_inst|altera_pll_i|general[0].gpll~PLL_OUTPUT_COUNTER|divclk'
Slack : 21.139
TNS   : 0.000

Type  : Slow 1100mV 0C Model Removal 'CE1|iPLL|pll_inst|altera_pll_i|general[1].gpll~PLL_OUTPUT_COUNTER|divclk'
Slack : 22.004
TNS   : 0.000

Type  : Slow 1100mV 0C Model Minimum Pulse Width 'CE1|iPLL|pll_inst|altera_pll_i|general[0].gpll~FRACTIONAL_PLL|vcoph[0]'
Slack : 3.333
TNS   : 0.000

Type  : Slow 1100mV 0C Model Minimum Pulse Width 'CLOCK_50'
Slack : 9.673
TNS   : 0.000

Type  : Slow 1100mV 0C Model Minimum Pulse Width 'CE1|iPLL|pll_inst|altera_pll_i|general[0].gpll~PLL_OUTPUT_COUNTER|divclk'
Slack : 18.732
TNS   : 0.000

Type  : Slow 1100mV 0C Model Minimum Pulse Width 'CE1|iPLL|pll_inst|altera_pll_i|general[1].gpll~PLL_OUTPUT_COUNTER|divclk'
Slack : 39.230
TNS   : 0.000

Type  : Fast 1100mV 85C Model Setup 'clk_vga'
Slack : -11.958
TNS   : -111.064

Type  : Fast 1100mV 85C Model Setup 'CE1|iPLL|pll_inst|altera_pll_i|general[0].gpll~PLL_OUTPUT_COUNTER|divclk'
Slack : 17.797
TNS   : 0.000

Type  : Fast 1100mV 85C Model Setup 'CE1|iPLL|pll_inst|altera_pll_i|general[1].gpll~PLL_OUTPUT_COUNTER|divclk'
Slack : 75.844
TNS   : 0.000

Type  : Fast 1100mV 85C Model Hold 'CE1|iPLL|pll_inst|altera_pll_i|general[0].gpll~PLL_OUTPUT_COUNTER|divclk'
Slack : 0.180
TNS   : 0.000

Type  : Fast 1100mV 85C Model Hold 'CE1|iPLL|pll_inst|altera_pll_i|general[1].gpll~PLL_OUTPUT_COUNTER|divclk'
Slack : 0.180
TNS   : 0.000

Type  : Fast 1100mV 85C Model Hold 'clk_vga'
Slack : 4.466
TNS   : 0.000

Type  : Fast 1100mV 85C Model Recovery 'CE1|iPLL|pll_inst|altera_pll_i|general[1].gpll~PLL_OUTPUT_COUNTER|divclk'
Slack : 16.360
TNS   : 0.000

Type  : Fast 1100mV 85C Model Recovery 'CE1|iPLL|pll_inst|altera_pll_i|general[0].gpll~PLL_OUTPUT_COUNTER|divclk'
Slack : 16.755
TNS   : 0.000

Type  : Fast 1100mV 85C Model Removal 'CE1|iPLL|pll_inst|altera_pll_i|general[0].gpll~PLL_OUTPUT_COUNTER|divclk'
Slack : 20.795
TNS   : 0.000

Type  : Fast 1100mV 85C Model Removal 'CE1|iPLL|pll_inst|altera_pll_i|general[1].gpll~PLL_OUTPUT_COUNTER|divclk'
Slack : 21.358
TNS   : 0.000

Type  : Fast 1100mV 85C Model Minimum Pulse Width 'CE1|iPLL|pll_inst|altera_pll_i|general[0].gpll~FRACTIONAL_PLL|vcoph[0]'
Slack : 3.333
TNS   : 0.000

Type  : Fast 1100mV 85C Model Minimum Pulse Width 'CLOCK_50'
Slack : 9.336
TNS   : 0.000

Type  : Fast 1100mV 85C Model Minimum Pulse Width 'CE1|iPLL|pll_inst|altera_pll_i|general[0].gpll~PLL_OUTPUT_COUNTER|divclk'
Slack : 18.878
TNS   : 0.000

Type  : Fast 1100mV 85C Model Minimum Pulse Width 'CE1|iPLL|pll_inst|altera_pll_i|general[1].gpll~PLL_OUTPUT_COUNTER|divclk'
Slack : 39.542
TNS   : 0.000

Type  : Fast 1100mV 0C Model Setup 'clk_vga'
Slack : -11.093
TNS   : -103.645

Type  : Fast 1100mV 0C Model Setup 'CE1|iPLL|pll_inst|altera_pll_i|general[0].gpll~PLL_OUTPUT_COUNTER|divclk'
Slack : 17.899
TNS   : 0.000

Type  : Fast 1100mV 0C Model Setup 'CE1|iPLL|pll_inst|altera_pll_i|general[1].gpll~PLL_OUTPUT_COUNTER|divclk'
Slack : 76.283
TNS   : 0.000

Type  : Fast 1100mV 0C Model Hold 'CE1|iPLL|pll_inst|altera_pll_i|general[0].gpll~PLL_OUTPUT_COUNTER|divclk'
Slack : 0.110
TNS   : 0.000

Type  : Fast 1100mV 0C Model Hold 'CE1|iPLL|pll_inst|altera_pll_i|general[1].gpll~PLL_OUTPUT_COUNTER|divclk'
Slack : 0.170
TNS   : 0.000

Type  : Fast 1100mV 0C Model Hold 'clk_vga'
Slack : 4.113
TNS   : 0.000

Type  : Fast 1100mV 0C Model Recovery 'CE1|iPLL|pll_inst|altera_pll_i|general[1].gpll~PLL_OUTPUT_COUNTER|divclk'
Slack : 16.816
TNS   : 0.000

Type  : Fast 1100mV 0C Model Recovery 'CE1|iPLL|pll_inst|altera_pll_i|general[0].gpll~PLL_OUTPUT_COUNTER|divclk'
Slack : 17.180
TNS   : 0.000

Type  : Fast 1100mV 0C Model Removal 'CE1|iPLL|pll_inst|altera_pll_i|general[0].gpll~PLL_OUTPUT_COUNTER|divclk'
Slack : 20.675
TNS   : 0.000

Type  : Fast 1100mV 0C Model Removal 'CE1|iPLL|pll_inst|altera_pll_i|general[1].gpll~PLL_OUTPUT_COUNTER|divclk'
Slack : 21.152
TNS   : 0.000

Type  : Fast 1100mV 0C Model Minimum Pulse Width 'CE1|iPLL|pll_inst|altera_pll_i|general[0].gpll~FRACTIONAL_PLL|vcoph[0]'
Slack : 3.333
TNS   : 0.000

Type  : Fast 1100mV 0C Model Minimum Pulse Width 'CLOCK_50'
Slack : 9.286
TNS   : 0.000

Type  : Fast 1100mV 0C Model Minimum Pulse Width 'CE1|iPLL|pll_inst|altera_pll_i|general[0].gpll~PLL_OUTPUT_COUNTER|divclk'
Slack : 18.880
TNS   : 0.000

Type  : Fast 1100mV 0C Model Minimum Pulse Width 'CE1|iPLL|pll_inst|altera_pll_i|general[1].gpll~PLL_OUTPUT_COUNTER|divclk'
Slack : 39.534
TNS   : 0.000

------------------------------------------------------------
